// Jest Snapshot v1, https://goo.gl/fbAQLP

exports[`renders correctly 1`] = `
<div>
  <div
    className="Labelstyles__UILabelRoot-sc-1i1vlit-0 sc-ifAKCX cFlEyZ"
  />
  <div
    className="Labelstyles__UILabelRoot-sc-1i1vlit-0 sc-ifAKCX cFlEyZ"
  />
  <div
    className="Labelstyles__UILabelRoot-sc-1i1vlit-0 sc-ifAKCX WEtDF"
  >
    <label
      className="TypeSet-sc-2d00f5-0 jJnJJj Labelstyles__Label-sc-1i1vlit-1 eVfaML"
    >
      Observation Date
    </label>
    <div
      className="Datestyles__Wrapper-ety37l-0 sc-gzVnrw kVNhwm"
    >
      <div
        className="react-datepicker-wrapper"
      >
        <div
          className="react-datepicker__input-container"
        >
          <input
            className="Datestyles__DatePicker-ety37l-1 bVaXHv"
            disabled={false}
            onBlur={[Function]}
            onChange={[Function]}
            onClick={[Function]}
            onFocus={[Function]}
            onKeyDown={[Function]}
            readOnly={false}
            type="text"
            value=""
          />
        </div>
      </div>
    </div>
  </div>
  <div
    className="Labelstyles__UILabelRoot-sc-1i1vlit-0 sc-ifAKCX WEtDF"
  >
    <label
      className="TypeSet-sc-2d00f5-0 jJnJJj Labelstyles__Label-sc-1i1vlit-1 eVfaML"
    >
      Title
    </label>
    <input
      className="Input__WidgetInput-sc-2m50dl-0 ftREri"
      errors={Immutable.List []}
      intl={
        Object {
          "defaultFormats": Object {},
          "defaultLocale": "en",
          "formatDate": [Function],
          "formatHTMLMessage": [Function],
          "formatMessage": [Function],
          "formatNumber": [Function],
          "formatPlural": [Function],
          "formatRelative": [Function],
          "formatTime": [Function],
          "formats": Object {},
          "formatters": Object {
            "getDateTimeFormat": [Function],
            "getMessageFormat": [Function],
            "getNumberFormat": [Function],
            "getPluralFormat": [Function],
            "getRelativeFormat": [Function],
          },
          "locale": "en",
          "messages": Object {},
          "now": [Function],
          "onError": [Function],
          "textComponent": "span",
          "timeZone": null,
        }
      }
      name="title"
      onChange={[Function]}
      value=""
      variant="main"
    />
  </div>
  <div
    className="Labelstyles__UILabelRoot-sc-1i1vlit-0 sc-ifAKCX WEtDF"
  >
    <label
      className="TypeSet-sc-2d00f5-0 jJnJJj Labelstyles__Label-sc-1i1vlit-1 eVfaML"
    >
      Short Title
    </label>
    <input
      className="Input__WidgetInput-sc-2m50dl-0 ftREri"
      errors={Immutable.List []}
      intl={
        Object {
          "defaultFormats": Object {},
          "defaultLocale": "en",
          "formatDate": [Function],
          "formatHTMLMessage": [Function],
          "formatMessage": [Function],
          "formatNumber": [Function],
          "formatPlural": [Function],
          "formatRelative": [Function],
          "formatTime": [Function],
          "formats": Object {},
          "formatters": Object {
            "getDateTimeFormat": [Function],
            "getMessageFormat": [Function],
            "getNumberFormat": [Function],
            "getPluralFormat": [Function],
            "getRelativeFormat": [Function],
          },
          "locale": "en",
          "messages": Object {},
          "now": [Function],
          "onError": [Function],
          "textComponent": "span",
          "timeZone": null,
        }
      }
      name="title_short"
      onChange={[Function]}
      value=""
      variant="main"
    />
  </div>
  <div
    className="Labelstyles__UILabelRoot-sc-1i1vlit-0 sc-ifAKCX WEtDF"
  >
    <label
      className="TypeSet-sc-2d00f5-0 jJnJJj Labelstyles__Label-sc-1i1vlit-1 eVfaML"
    >
      Description
    </label>
    <textarea
      className="Textarea__WidgetTextarea-sc-11zi4lv-0 bROpBJ"
      errors={Immutable.List []}
      name="description"
      onChange={[Function]}
      value=""
      variant="main"
    />
  </div>
  <div
    className="Labelstyles__UILabelRoot-sc-1i1vlit-0 sc-ifAKCX WEtDF"
  >
    <label
      className="TypeSet-sc-2d00f5-0 jJnJJj Labelstyles__Label-sc-1i1vlit-1 eVfaML"
    >
      Due Date
    </label>
    <div
      className="Datestyles__Wrapper-ety37l-0 sc-gzVnrw kVNhwm"
    >
      <div
        className="react-datepicker-wrapper"
      >
        <div
          className="react-datepicker__input-container"
        >
          <input
            className="Datestyles__DatePicker-ety37l-1 bVaXHv"
            disabled={false}
            onBlur={[Function]}
            onChange={[Function]}
            onClick={[Function]}
            onFocus={[Function]}
            onKeyDown={[Function]}
            readOnly={false}
            type="text"
            value=""
          />
        </div>
      </div>
    </div>
  </div>
  <div
    className="Labelstyles__UILabelRoot-sc-1i1vlit-0 sc-ifAKCX WEtDF"
  >
    <label
      className="TypeSet-sc-2d00f5-0 jJnJJj Labelstyles__Label-sc-1i1vlit-1 eVfaML"
    >
      Follow up actions
    </label>
  </div>
  
  
  <button
    className="Buttonstyles__Button-mk3f56-0 ljupdW"
    onClick={[Function]}
    to=""
  >
    Add action
  </button>
  <div
    className="Labelstyles__UILabelRoot-sc-1i1vlit-0 sc-ifAKCX eWMhR"
  >
    <div
      className="Controlsstyles__Controls-b8kzhl-0 fjcuwP"
    >
      
      
      <button
        className="Buttonstyles__Button-mk3f56-0 ljupdW"
        onClick={[Function]}
        to=""
      >
        RESET
      </button>
      <div
        className="Spacer-sc-1kn0srl-0 lfRbbW"
      />
      
      
      <button
        className="Buttonstyles__Button-mk3f56-0 eISILG"
        onClick={[Function]}
        to=""
      >
        SAVE
      </button>
      
      
      <button
        className="Buttonstyles__Button-mk3f56-0 eISILG"
        onClick={[Function]}
        to=""
      >
        SUBMIT
      </button>
    </div>
  </div>
</div>
`;
