// Jest Snapshot v1, https://goo.gl/fbAQLP

exports[`renders correctly 1`] = `
<div
  className="Controlsstyles__Controls-b8kzhl-0 fjcuwP"
>
  
  
  <button
    className="Buttonstyles__Button-mk3f56-0 ljupdW"
    onClick={[Function]}
    to=""
  >
    RESET
  </button>
  <div
    className="Spacer-sc-1kn0srl-0 lfRbbW"
  />
  
  
  <button
    className="Buttonstyles__Button-mk3f56-0 eISILG"
    onClick={[Function]}
    to=""
  >
    SAVE
  </button>
  
  
  <button
    className="Buttonstyles__Button-mk3f56-0 eISILG"
    onClick={[Function]}
    to=""
  >
    SUBMIT
  </button>
</div>
`;
