// Jest Snapshot v1, https://goo.gl/fbAQLP

exports[`renders correctly 1`] = `
<div
  className="Box__UIBox-j97zbg-0 sc-dnqmqq jEPJNE"
>
  <a
    className="sc-iwsKbI gfniVm Buttonstyles__Button-mk3f56-0-a choPNg"
    href="https://github.com/gnowth/react"
    to="https://github.com/gnowth/react"
  >
    GitHub
  </a>
  <a
    className="sc-gZMcBi iDaNrw Buttonstyles__Button-mk3f56-0-a choPNg"
    href="https://gnowth.github.io/react/style-guide"
    to="https://gnowth.github.io/react/style-guide"
  >
    StyleGuide
  </a>
  <a
    _css4={
      Array [
        "margin-right:1rem;",
      ]
    }
    className="sc-gqjmRU lpbkHd Buttonstyles__Button-mk3f56-0-Link fwYiwn"
    href="#/pages/changelog"
    locale={
      Object {
        "defaultMessage": "CHANGELOG",
        "description": "Link Changelog",
        "id": "component.header.changelog",
      }
    }
    onClick={[Function]}
    variant="text"
  >
    CHANGELOG
  </a>
  <a
    _css5={
      Array [
        "margin-right:1rem;",
      ]
    }
    className="sc-VigVT ibkFLQ Buttonstyles__Button-mk3f56-0-Link fwYiwn"
    href="#/pages/readme"
    locale={
      Object {
        "defaultMessage": "README",
        "description": "Link readme",
        "id": "component.header.readme",
      }
    }
    onClick={[Function]}
    variant="text"
  >
    README
  </a>
</div>
`;
